1 at(c, p=0, t=0)
2 lev(c, l=0, t=0)
3 at(a, p=3, t=0)
4 lev(a, l=0, t=0)
5 at(b, p=5, t=0)
6 lev(b, l=0, t=0)
7 at(d, p=3, t=0)
8 lev(d, l=1, t=0)
9 at(c, p=0, t=7)
10 lev(c, l=0, t=7)
11 at(a, p=0, t=7)
12 lev(a, l=1, t=7)
13 at(b, p=1, t=7)
14 lev(b, l=1, t=7)
15 at(d, p=3, t=7)
16 lev(d, l=0, t=7)
17 at(a, p=0, t=0)
18 at(a, p=1, t=0)
19 at(a, p=2, t=0)
20 at(a, p=4, t=0)
21 at(a, p=5, t=0)
22 lev(a, l=1, t=0)
23 lev(a, l=2, t=0)
24 lev(a, l=3, t=0)
25 at(b, p=0, t=0)
26 at(b, p=1, t=0)
27 at(b, p=2, t=0)
28 at(b, p=3, t=0)
29 at(b, p=4, t=0)
30 lev(b, l=1, t=0)
31 lev(b, l=2, t=0)
32 lev(b, l=3, t=0)
33 at(c, p=1, t=0)
34 at(c, p=2, t=0)
35 at(c, p=3, t=0)
36 at(c, p=4, t=0)
37 lev(c, l=1, t=0)
38 lev(c, l=2, t=0)
39 lev(c, l=3, t=0)
40 at(d, p=0, t=0)
41 at(d, p=1, t=0)
42 at(d, p=2, t=0)
43 lev(d, l=0, t=0)
44 lev(d, l=2, t=0)
45 lev(d, l=3, t=0)
46 clr(a, t=0)
47 clr(b, t=0)
48 clr(c, t=0)
49 clr(d, t=0)
50 at(a, p=0, t=1)
51 at(a, p=1, t=1)
52 at(a, p=2, t=1)
53 at(a, p=3, t=1)
54 at(a, p=4, t=1)
55 at(a, p=5, t=1)
56 lev(a, l=0, t=1)
57 lev(a, l=1, t=1)
58 lev(a, l=2, t=1)
59 lev(a, l=3, t=1)
60 at(b, p=0, t=1)
61 at(b, p=1, t=1)
62 at(b, p=2, t=1)
63 at(b, p=3, t=1)
64 at(b, p=4, t=1)
65 at(b, p=5, t=1)
66 lev(b, l=0, t=1)
67 lev(b, l=1, t=1)
68 lev(b, l=2, t=1)
69 lev(b, l=3, t=1)
70 at(c, p=0, t=1)
71 at(c, p=1, t=1)
72 at(c, p=2, t=1)
73 at(c, p=3, t=1)
74 at(c, p=4, t=1)
75 lev(c, l=0, t=1)
76 lev(c, l=1, t=1)
77 lev(c, l=2, t=1)
78 lev(c, l=3, t=1)
79 at(d, p=0, t=1)
80 at(d, p=1, t=1)
81 at(d, p=2, t=1)
82 at(d, p=3, t=1)
83 lev(d, l=0, t=1)
84 lev(d, l=1, t=1)
85 lev(d, l=2, t=1)
86 lev(d, l=3, t=1)
87 clr(a, t=1)
88 clr(b, t=1)
89 clr(c, t=1)
90 clr(d, t=1)
91 at(a, p=0, t=2)
92 at(a, p=1, t=2)
93 at(a, p=2, t=2)
94 at(a, p=3, t=2)
95 at(a, p=4, t=2)
96 at(a, p=5, t=2)
97 lev(a, l=0, t=2)
98 lev(a, l=1, t=2)
99 lev(a, l=2, t=2)
100 lev(a, l=3, t=2)
101 at(b, p=0, t=2)
102 at(b, p=1, t=2)
103 at(b, p=2, t=2)
104 at(b, p=3, t=2)
105 at(b, p=4, t=2)
106 at(b, p=5, t=2)
107 lev(b, l=0, t=2)
108 lev(b, l=1, t=2)
109 lev(b, l=2, t=2)
110 lev(b, l=3, t=2)
111 at(c, p=0, t=2)
112 at(c, p=1, t=2)
113 at(c, p=2, t=2)
114 at(c, p=3, t=2)
115 at(c, p=4, t=2)
116 lev(c, l=0, t=2)
117 lev(c, l=1, t=2)
118 lev(c, l=2, t=2)
119 lev(c, l=3, t=2)
120 at(d, p=0, t=2)
121 at(d, p=1, t=2)
122 at(d, p=2, t=2)
123 at(d, p=3, t=2)
124 lev(d, l=0, t=2)
125 lev(d, l=1, t=2)
126 lev(d, l=2, t=2)
127 lev(d, l=3, t=2)
128 clr(a, t=2)
129 clr(b, t=2)
130 clr(c, t=2)
131 clr(d, t=2)
132 at(a, p=0, t=3)
133 at(a, p=1, t=3)
134 at(a, p=2, t=3)
135 at(a, p=3, t=3)
136 at(a, p=4, t=3)
137 at(a, p=5, t=3)
138 lev(a, l=0, t=3)
139 lev(a, l=1, t=3)
140 lev(a, l=2, t=3)
141 lev(a, l=3, t=3)
142 at(b, p=0, t=3)
143 at(b, p=1, t=3)
144 at(b, p=2, t=3)
145 at(b, p=3, t=3)
146 at(b, p=4, t=3)
147 at(b, p=5, t=3)
148 lev(b, l=0, t=3)
149 lev(b, l=1, t=3)
150 lev(b, l=2, t=3)
151 lev(b, l=3, t=3)
152 at(c, p=0, t=3)
153 at(c, p=1, t=3)
154 at(c, p=2, t=3)
155 at(c, p=3, t=3)
156 at(c, p=4, t=3)
157 lev(c, l=0, t=3)
158 lev(c, l=1, t=3)
159 lev(c, l=2, t=3)
160 lev(c, l=3, t=3)
161 at(d, p=0, t=3)
162 at(d, p=1, t=3)
163 at(d, p=2, t=3)
164 at(d, p=3, t=3)
165 lev(d, l=0, t=3)
166 lev(d, l=1, t=3)
167 lev(d, l=2, t=3)
168 lev(d, l=3, t=3)
169 clr(a, t=3)
170 clr(b, t=3)
171 clr(c, t=3)
172 clr(d, t=3)
173 at(a, p=0, t=4)
174 at(a, p=1, t=4)
175 at(a, p=2, t=4)
176 at(a, p=3, t=4)
177 at(a, p=4, t=4)
178 at(a, p=5, t=4)
179 lev(a, l=0, t=4)
180 lev(a, l=1, t=4)
181 lev(a, l=2, t=4)
182 lev(a, l=3, t=4)
183 at(b, p=0, t=4)
184 at(b, p=1, t=4)
185 at(b, p=2, t=4)
186 at(b, p=3, t=4)
187 at(b, p=4, t=4)
188 at(b, p=5, t=4)
189 lev(b, l=0, t=4)
190 lev(b, l=1, t=4)
191 lev(b, l=2, t=4)
192 lev(b, l=3, t=4)
193 at(c, p=0, t=4)
194 at(c, p=1, t=4)
195 at(c, p=2, t=4)
196 at(c, p=3, t=4)
197 at(c, p=4, t=4)
198 lev(c, l=0, t=4)
199 lev(c, l=1, t=4)
200 lev(c, l=2, t=4)
201 lev(c, l=3, t=4)
202 at(d, p=0, t=4)
203 at(d, p=1, t=4)
204 at(d, p=2, t=4)
205 at(d, p=3, t=4)
206 lev(d, l=0, t=4)
207 lev(d, l=1, t=4)
208 lev(d, l=2, t=4)
209 lev(d, l=3, t=4)
210 clr(a, t=4)
211 clr(b, t=4)
212 clr(c, t=4)
213 clr(d, t=4)
214 at(a, p=0, t=5)
215 at(a, p=1, t=5)
216 at(a, p=2, t=5)
217 at(a, p=3, t=5)
218 at(a, p=4, t=5)
219 at(a, p=5, t=5)
220 lev(a, l=0, t=5)
221 lev(a, l=1, t=5)
222 lev(a, l=2, t=5)
223 lev(a, l=3, t=5)
224 at(b, p=0, t=5)
225 at(b, p=1, t=5)
226 at(b, p=2, t=5)
227 at(b, p=3, t=5)
228 at(b, p=4, t=5)
229 at(b, p=5, t=5)
230 lev(b, l=0, t=5)
231 lev(b, l=1, t=5)
232 lev(b, l=2, t=5)
233 lev(b, l=3, t=5)
234 at(c, p=0, t=5)
235 at(c, p=1, t=5)
236 at(c, p=2, t=5)
237 at(c, p=3, t=5)
238 at(c, p=4, t=5)
239 lev(c, l=0, t=5)
240 lev(c, l=1, t=5)
241 lev(c, l=2, t=5)
242 lev(c, l=3, t=5)
243 at(d, p=0, t=5)
244 at(d, p=1, t=5)
245 at(d, p=2, t=5)
246 at(d, p=3, t=5)
247 lev(d, l=0, t=5)
248 lev(d, l=1, t=5)
249 lev(d, l=2, t=5)
250 lev(d, l=3, t=5)
251 clr(a, t=5)
252 clr(b, t=5)
253 clr(c, t=5)
254 clr(d, t=5)
255 at(a, p=0, t=6)
256 at(a, p=1, t=6)
257 at(a, p=2, t=6)
258 at(a, p=3, t=6)
259 at(a, p=4, t=6)
260 at(a, p=5, t=6)
261 lev(a, l=0, t=6)
262 lev(a, l=1, t=6)
263 lev(a, l=2, t=6)
264 lev(a, l=3, t=6)
265 at(b, p=0, t=6)
266 at(b, p=1, t=6)
267 at(b, p=2, t=6)
268 at(b, p=3, t=6)
269 at(b, p=4, t=6)
270 at(b, p=5, t=6)
271 lev(b, l=0, t=6)
272 lev(b, l=1, t=6)
273 lev(b, l=2, t=6)
274 lev(b, l=3, t=6)
275 at(c, p=0, t=6)
276 at(c, p=1, t=6)
277 at(c, p=2, t=6)
278 at(c, p=3, t=6)
279 at(c, p=4, t=6)
280 lev(c, l=0, t=6)
281 lev(c, l=1, t=6)
282 lev(c, l=2, t=6)
283 lev(c, l=3, t=6)
284 at(d, p=0, t=6)
285 at(d, p=1, t=6)
286 at(d, p=2, t=6)
287 at(d, p=3, t=6)
288 lev(d, l=0, t=6)
289 lev(d, l=1, t=6)
290 lev(d, l=2, t=6)
291 lev(d, l=3, t=6)
292 clr(a, t=6)
293 clr(b, t=6)
294 clr(c, t=6)
295 clr(d, t=6)
296 at(a, p=1, t=7)
297 at(a, p=2, t=7)
298 at(a, p=3, t=7)
299 at(a, p=4, t=7)
300 at(a, p=5, t=7)
301 lev(a, l=0, t=7)
302 lev(a, l=2, t=7)
303 lev(a, l=3, t=7)
304 at(b, p=0, t=7)
305 at(b, p=2, t=7)
306 at(b, p=3, t=7)
307 at(b, p=4, t=7)
308 at(b, p=5, t=7)
309 lev(b, l=0, t=7)
310 lev(b, l=2, t=7)
311 lev(b, l=3, t=7)
312 at(c, p=1, t=7)
313 at(c, p=2, t=7)
314 at(c, p=3, t=7)
315 at(c, p=4, t=7)
316 lev(c, l=1, t=7)
317 lev(c, l=2, t=7)
318 lev(c, l=3, t=7)
319 at(d, p=0, t=7)
320 at(d, p=1, t=7)
321 at(d, p=2, t=7)
322 lev(d, l=1, t=7)
323 lev(d, l=2, t=7)
324 lev(d, l=3, t=7)
325 clr(a, t=7)
326 clr(b, t=7)
327 clr(c, t=7)
328 clr(d, t=7)
329 move(a, b, p=0, t=0)
330 move(a, b, p=1, t=0)
331 move(a, b, p=2, t=0)
332 move(a, b, p=3, t=0)
333 move(a, b, p=4, t=0)
334 move(a, b, p=5, t=0)
335 move(a, c, p=0, t=0)
336 move(a, c, p=1, t=0)
337 move(a, c, p=2, t=0)
338 move(a, c, p=3, t=0)
339 move(a, c, p=4, t=0)
340 move(a, c, p=5, t=0)
341 move(a, d, p=0, t=0)
342 move(a, d, p=1, t=0)
343 move(a, d, p=2, t=0)
344 move(a, d, p=3, t=0)
345 move(a, d, p=4, t=0)
346 move(a, d, p=5, t=0)
347 move(a, T, p=0, t=0)
348 move(a, T, p=1, t=0)
349 move(a, T, p=2, t=0)
350 move(a, T, p=3, t=0)
351 move(a, T, p=4, t=0)
352 move(a, T, p=5, t=0)
353 move(b, a, p=0, t=0)
354 move(b, a, p=1, t=0)
355 move(b, a, p=2, t=0)
356 move(b, a, p=3, t=0)
357 move(b, a, p=4, t=0)
358 move(b, a, p=5, t=0)
359 move(b, c, p=0, t=0)
360 move(b, c, p=1, t=0)
361 move(b, c, p=2, t=0)
362 move(b, c, p=3, t=0)
363 move(b, c, p=4, t=0)
364 move(b, c, p=5, t=0)
365 move(b, d, p=0, t=0)
366 move(b, d, p=1, t=0)
367 move(b, d, p=2, t=0)
368 move(b, d, p=3, t=0)
369 move(b, d, p=4, t=0)
370 move(b, d, p=5, t=0)
371 move(b, T, p=0, t=0)
372 move(b, T, p=1, t=0)
373 move(b, T, p=2, t=0)
374 move(b, T, p=3, t=0)
375 move(b, T, p=4, t=0)
376 move(b, T, p=5, t=0)
377 move(c, a, p=0, t=0)
378 move(c, a, p=1, t=0)
379 move(c, a, p=2, t=0)
380 move(c, a, p=3, t=0)
381 move(c, a, p=4, t=0)
382 move(c, b, p=0, t=0)
383 move(c, b, p=1, t=0)
384 move(c, b, p=2, t=0)
385 move(c, b, p=3, t=0)
386 move(c, b, p=4, t=0)
387 move(c, d, p=0, t=0)
388 move(c, d, p=1, t=0)
389 move(c, d, p=2, t=0)
390 move(c, d, p=3, t=0)
391 move(c, d, p=4, t=0)
392 move(c, T, p=0, t=0)
393 move(c, T, p=1, t=0)
394 move(c, T, p=2, t=0)
395 move(c, T, p=3, t=0)
396 move(c, T, p=4, t=0)
397 move(d, a, p=0, t=0)
398 move(d, a, p=1, t=0)
399 move(d, a, p=2, t=0)
400 move(d, a, p=3, t=0)
401 move(d, b, p=0, t=0)
402 move(d, b, p=1, t=0)
403 move(d, b, p=2, t=0)
404 move(d, b, p=3, t=0)
405 move(d, c, p=0, t=0)
406 move(d, c, p=1, t=0)
407 move(d, c, p=2, t=0)
408 move(d, c, p=3, t=0)
409 move(d, T, p=0, t=0)
410 move(d, T, p=1, t=0)
411 move(d, T, p=2, t=0)
412 move(d, T, p=3, t=0)
413 move(a, b, p=0, t=1)
414 move(a, b, p=1, t=1)
415 move(a, b, p=2, t=1)
416 move(a, b, p=3, t=1)
417 move(a, b, p=4, t=1)
418 move(a, b, p=5, t=1)
419 move(a, c, p=0, t=1)
420 move(a, c, p=1, t=1)
421 move(a, c, p=2, t=1)
422 move(a, c, p=3, t=1)
423 move(a, c, p=4, t=1)
424 move(a, c, p=5, t=1)
425 move(a, d, p=0, t=1)
426 move(a, d, p=1, t=1)
427 move(a, d, p=2, t=1)
428 move(a, d, p=3, t=1)
429 move(a, d, p=4, t=1)
430 move(a, d, p=5, t=1)
431 move(a, T, p=0, t=1)
432 move(a, T, p=1, t=1)
433 move(a, T, p=2, t=1)
434 move(a, T, p=3, t=1)
435 move(a, T, p=4, t=1)
436 move(a, T, p=5, t=1)
437 move(b, a, p=0, t=1)
438 move(b, a, p=1, t=1)
439 move(b, a, p=2, t=1)
440 move(b, a, p=3, t=1)
441 move(b, a, p=4, t=1)
442 move(b, a, p=5, t=1)
443 move(b, c, p=0, t=1)
444 move(b, c, p=1, t=1)
445 move(b, c, p=2, t=1)
446 move(b, c, p=3, t=1)
447 move(b, c, p=4, t=1)
448 move(b, c, p=5, t=1)
449 move(b, d, p=0, t=1)
450 move(b, d, p=1, t=1)
451 move(b, d, p=2, t=1)
452 move(b, d, p=3, t=1)
453 move(b, d, p=4, t=1)
454 move(b, d, p=5, t=1)
455 move(b, T, p=0, t=1)
456 move(b, T, p=1, t=1)
457 move(b, T, p=2, t=1)
458 move(b, T, p=3, t=1)
459 move(b, T, p=4, t=1)
460 move(b, T, p=5, t=1)
461 move(c, a, p=0, t=1)
462 move(c, a, p=1, t=1)
463 move(c, a, p=2, t=1)
464 move(c, a, p=3, t=1)
465 move(c, a, p=4, t=1)
466 move(c, b, p=0, t=1)
467 move(c, b, p=1, t=1)
468 move(c, b, p=2, t=1)
469 move(c, b, p=3, t=1)
470 move(c, b, p=4, t=1)
471 move(c, d, p=0, t=1)
472 move(c, d, p=1, t=1)
473 move(c, d, p=2, t=1)
474 move(c, d, p=3, t=1)
475 move(c, d, p=4, t=1)
476 move(c, T, p=0, t=1)
477 move(c, T, p=1, t=1)
478 move(c, T, p=2, t=1)
479 move(c, T, p=3, t=1)
480 move(c, T, p=4, t=1)
481 move(d, a, p=0, t=1)
482 move(d, a, p=1, t=1)
483 move(d, a, p=2, t=1)
484 move(d, a, p=3, t=1)
485 move(d, b, p=0, t=1)
486 move(d, b, p=1, t=1)
487 move(d, b, p=2, t=1)
488 move(d, b, p=3, t=1)
489 move(d, c, p=0, t=1)
490 move(d, c, p=1, t=1)
491 move(d, c, p=2, t=1)
492 move(d, c, p=3, t=1)
493 move(d, T, p=0, t=1)
494 move(d, T, p=1, t=1)
495 move(d, T, p=2, t=1)
496 move(d, T, p=3, t=1)
497 move(a, b, p=0, t=2)
498 move(a, b, p=1, t=2)
499 move(a, b, p=2, t=2)
500 move(a, b, p=3, t=2)
501 move(a, b, p=4, t=2)
502 move(a, b, p=5, t=2)
503 move(a, c, p=0, t=2)
504 move(a, c, p=1, t=2)
505 move(a, c, p=2, t=2)
506 move(a, c, p=3, t=2)
507 move(a, c, p=4, t=2)
508 move(a, c, p=5, t=2)
509 move(a, d, p=0, t=2)
510 move(a, d, p=1, t=2)
511 move(a, d, p=2, t=2)
512 move(a, d, p=3, t=2)
513 move(a, d, p=4, t=2)
514 move(a, d, p=5, t=2)
515 move(a, T, p=0, t=2)
516 move(a, T, p=1, t=2)
517 move(a, T, p=2, t=2)
518 move(a, T, p=3, t=2)
519 move(a, T, p=4, t=2)
520 move(a, T, p=5, t=2)
521 move(b, a, p=0, t=2)
522 move(b, a, p=1, t=2)
523 move(b, a, p=2, t=2)
524 move(b, a, p=3, t=2)
525 move(b, a, p=4, t=2)
526 move(b, a, p=5, t=2)
527 move(b, c, p=0, t=2)
528 move(b, c, p=1, t=2)
529 move(b, c, p=2, t=2)
530 move(b, c, p=3, t=2)
531 move(b, c, p=4, t=2)
532 move(b, c, p=5, t=2)
533 move(b, d, p=0, t=2)
534 move(b, d, p=1, t=2)
535 move(b, d, p=2, t=2)
536 move(b, d, p=3, t=2)
537 move(b, d, p=4, t=2)
538 move(b, d, p=5, t=2)
539 move(b, T, p=0, t=2)
540 move(b, T, p=1, t=2)
541 move(b, T, p=2, t=2)
542 move(b, T, p=3, t=2)
543 move(b, T, p=4, t=2)
544 move(b, T, p=5, t=2)
545 move(c, a, p=0, t=2)
546 move(c, a, p=1, t=2)
547 move(c, a, p=2, t=2)
548 move(c, a, p=3, t=2)
549 move(c, a, p=4, t=2)
550 move(c, b, p=0, t=2)
551 move(c, b, p=1, t=2)
552 move(c, b, p=2, t=2)
553 move(c, b, p=3, t=2)
554 move(c, b, p=4, t=2)
555 move(c, d, p=0, t=2)
556 move(c, d, p=1, t=2)
557 move(c, d, p=2, t=2)
558 move(c, d, p=3, t=2)
559 move(c, d, p=4, t=2)
560 move(c, T, p=0, t=2)
561 move(c, T, p=1, t=2)
562 move(c, T, p=2, t=2)
563 move(c, T, p=3, t=2)
564 move(c, T, p=4, t=2)
565 move(d, a, p=0, t=2)
566 move(d, a, p=1, t=2)
567 move(d, a, p=2, t=2)
568 move(d, a, p=3, t=2)
569 move(d, b, p=0, t=2)
570 move(d, b, p=1, t=2)
571 move(d, b, p=2, t=2)
572 move(d, b, p=3, t=2)
573 move(d, c, p=0, t=2)
574 move(d, c, p=1, t=2)
575 move(d, c, p=2, t=2)
576 move(d, c, p=3, t=2)
577 move(d, T, p=0, t=2)
578 move(d, T, p=1, t=2)
579 move(d, T, p=2, t=2)
580 move(d, T, p=3, t=2)
581 move(a, b, p=0, t=3)
582 move(a, b, p=1, t=3)
583 move(a, b, p=2, t=3)
584 move(a, b, p=3, t=3)
585 move(a, b, p=4, t=3)
586 move(a, b, p=5, t=3)
587 move(a, c, p=0, t=3)
588 move(a, c, p=1, t=3)
589 move(a, c, p=2, t=3)
590 move(a, c, p=3, t=3)
591 move(a, c, p=4, t=3)
592 move(a, c, p=5, t=3)
593 move(a, d, p=0, t=3)
594 move(a, d, p=1, t=3)
595 move(a, d, p=2, t=3)
596 move(a, d, p=3, t=3)
597 move(a, d, p=4, t=3)
598 move(a, d, p=5, t=3)
599 move(a, T, p=0, t=3)
600 move(a, T, p=1, t=3)
601 move(a, T, p=2, t=3)
602 move(a, T, p=3, t=3)
603 move(a, T, p=4, t=3)
604 move(a, T, p=5, t=3)
605 move(b, a, p=0, t=3)
606 move(b, a, p=1, t=3)
607 move(b, a, p=2, t=3)
608 move(b, a, p=3, t=3)
609 move(b, a, p=4, t=3)
610 move(b, a, p=5, t=3)
611 move(b, c, p=0, t=3)
612 move(b, c, p=1, t=3)
613 move(b, c, p=2, t=3)
614 move(b, c, p=3, t=3)
615 move(b, c, p=4, t=3)
616 move(b, c, p=5, t=3)
617 move(b, d, p=0, t=3)
618 move(b, d, p=1, t=3)
619 move(b, d, p=2, t=3)
620 move(b, d, p=3, t=3)
621 move(b, d, p=4, t=3)
622 move(b, d, p=5, t=3)
623 move(b, T, p=0, t=3)
624 move(b, T, p=1, t=3)
625 move(b, T, p=2, t=3)
626 move(b, T, p=3, t=3)
627 move(b, T, p=4, t=3)
628 move(b, T, p=5, t=3)
629 move(c, a, p=0, t=3)
630 move(c, a, p=1, t=3)
631 move(c, a, p=2, t=3)
632 move(c, a, p=3, t=3)
633 move(c, a, p=4, t=3)
634 move(c, b, p=0, t=3)
635 move(c, b, p=1, t=3)
636 move(c, b, p=2, t=3)
637 move(c, b, p=3, t=3)
638 move(c, b, p=4, t=3)
639 move(c, d, p=0, t=3)
640 move(c, d, p=1, t=3)
641 move(c, d, p=2, t=3)
642 move(c, d, p=3, t=3)
643 move(c, d, p=4, t=3)
644 move(c, T, p=0, t=3)
645 move(c, T, p=1, t=3)
646 move(c, T, p=2, t=3)
647 move(c, T, p=3, t=3)
648 move(c, T, p=4, t=3)
649 move(d, a, p=0, t=3)
650 move(d, a, p=1, t=3)
651 move(d, a, p=2, t=3)
652 move(d, a, p=3, t=3)
653 move(d, b, p=0, t=3)
654 move(d, b, p=1, t=3)
655 move(d, b, p=2, t=3)
656 move(d, b, p=3, t=3)
657 move(d, c, p=0, t=3)
658 move(d, c, p=1, t=3)
659 move(d, c, p=2, t=3)
660 move(d, c, p=3, t=3)
661 move(d, T, p=0, t=3)
662 move(d, T, p=1, t=3)
663 move(d, T, p=2, t=3)
664 move(d, T, p=3, t=3)
665 move(a, b, p=0, t=4)
666 move(a, b, p=1, t=4)
667 move(a, b, p=2, t=4)
668 move(a, b, p=3, t=4)
669 move(a, b, p=4, t=4)
670 move(a, b, p=5, t=4)
671 move(a, c, p=0, t=4)
672 move(a, c, p=1, t=4)
673 move(a, c, p=2, t=4)
674 move(a, c, p=3, t=4)
675 move(a, c, p=4, t=4)
676 move(a, c, p=5, t=4)
677 move(a, d, p=0, t=4)
678 move(a, d, p=1, t=4)
679 move(a, d, p=2, t=4)
680 move(a, d, p=3, t=4)
681 move(a, d, p=4, t=4)
682 move(a, d, p=5, t=4)
683 move(a, T, p=0, t=4)
684 move(a, T, p=1, t=4)
685 move(a, T, p=2, t=4)
686 move(a, T, p=3, t=4)
687 move(a, T, p=4, t=4)
688 move(a, T, p=5, t=4)
689 move(b, a, p=0, t=4)
690 move(b, a, p=1, t=4)
691 move(b, a, p=2, t=4)
692 move(b, a, p=3, t=4)
693 move(b, a, p=4, t=4)
694 move(b, a, p=5, t=4)
695 move(b, c, p=0, t=4)
696 move(b, c, p=1, t=4)
697 move(b, c, p=2, t=4)
698 move(b, c, p=3, t=4)
699 move(b, c, p=4, t=4)
700 move(b, c, p=5, t=4)
701 move(b, d, p=0, t=4)
702 move(b, d, p=1, t=4)
703 move(b, d, p=2, t=4)
704 move(b, d, p=3, t=4)
705 move(b, d, p=4, t=4)
706 move(b, d, p=5, t=4)
707 move(b, T, p=0, t=4)
708 move(b, T, p=1, t=4)
709 move(b, T, p=2, t=4)
710 move(b, T, p=3, t=4)
711 move(b, T, p=4, t=4)
712 move(b, T, p=5, t=4)
713 move(c, a, p=0, t=4)
714 move(c, a, p=1, t=4)
715 move(c, a, p=2, t=4)
716 move(c, a, p=3, t=4)
717 move(c, a, p=4, t=4)
718 move(c, b, p=0, t=4)
719 move(c, b, p=1, t=4)
720 move(c, b, p=2, t=4)
721 move(c, b, p=3, t=4)
722 move(c, b, p=4, t=4)
723 move(c, d, p=0, t=4)
724 move(c, d, p=1, t=4)
725 move(c, d, p=2, t=4)
726 move(c, d, p=3, t=4)
727 move(c, d, p=4, t=4)
728 move(c, T, p=0, t=4)
729 move(c, T, p=1, t=4)
730 move(c, T, p=2, t=4)
731 move(c, T, p=3, t=4)
732 move(c, T, p=4, t=4)
733 move(d, a, p=0, t=4)
734 move(d, a, p=1, t=4)
735 move(d, a, p=2, t=4)
736 move(d, a, p=3, t=4)
737 move(d, b, p=0, t=4)
738 move(d, b, p=1, t=4)
739 move(d, b, p=2, t=4)
740 move(d, b, p=3, t=4)
741 move(d, c, p=0, t=4)
742 move(d, c, p=1, t=4)
743 move(d, c, p=2, t=4)
744 move(d, c, p=3, t=4)
745 move(d, T, p=0, t=4)
746 move(d, T, p=1, t=4)
747 move(d, T, p=2, t=4)
748 move(d, T, p=3, t=4)
749 move(a, b, p=0, t=5)
750 move(a, b, p=1, t=5)
751 move(a, b, p=2, t=5)
752 move(a, b, p=3, t=5)
753 move(a, b, p=4, t=5)
754 move(a, b, p=5, t=5)
755 move(a, c, p=0, t=5)
756 move(a, c, p=1, t=5)
757 move(a, c, p=2, t=5)
758 move(a, c, p=3, t=5)
759 move(a, c, p=4, t=5)
760 move(a, c, p=5, t=5)
761 move(a, d, p=0, t=5)
762 move(a, d, p=1, t=5)
763 move(a, d, p=2, t=5)
764 move(a, d, p=3, t=5)
765 move(a, d, p=4, t=5)
766 move(a, d, p=5, t=5)
767 move(a, T, p=0, t=5)
768 move(a, T, p=1, t=5)
769 move(a, T, p=2, t=5)
770 move(a, T, p=3, t=5)
771 move(a, T, p=4, t=5)
772 move(a, T, p=5, t=5)
773 move(b, a, p=0, t=5)
774 move(b, a, p=1, t=5)
775 move(b, a, p=2, t=5)
776 move(b, a, p=3, t=5)
777 move(b, a, p=4, t=5)
778 move(b, a, p=5, t=5)
779 move(b, c, p=0, t=5)
780 move(b, c, p=1, t=5)
781 move(b, c, p=2, t=5)
782 move(b, c, p=3, t=5)
783 move(b, c, p=4, t=5)
784 move(b, c, p=5, t=5)
785 move(b, d, p=0, t=5)
786 move(b, d, p=1, t=5)
787 move(b, d, p=2, t=5)
788 move(b, d, p=3, t=5)
789 move(b, d, p=4, t=5)
790 move(b, d, p=5, t=5)
791 move(b, T, p=0, t=5)
792 move(b, T, p=1, t=5)
793 move(b, T, p=2, t=5)
794 move(b, T, p=3, t=5)
795 move(b, T, p=4, t=5)
796 move(b, T, p=5, t=5)
797 move(c, a, p=0, t=5)
798 move(c, a, p=1, t=5)
799 move(c, a, p=2, t=5)
800 move(c, a, p=3, t=5)
801 move(c, a, p=4, t=5)
802 move(c, b, p=0, t=5)
803 move(c, b, p=1, t=5)
804 move(c, b, p=2, t=5)
805 move(c, b, p=3, t=5)
806 move(c, b, p=4, t=5)
807 move(c, d, p=0, t=5)
808 move(c, d, p=1, t=5)
809 move(c, d, p=2, t=5)
810 move(c, d, p=3, t=5)
811 move(c, d, p=4, t=5)
812 move(c, T, p=0, t=5)
813 move(c, T, p=1, t=5)
814 move(c, T, p=2, t=5)
815 move(c, T, p=3, t=5)
816 move(c, T, p=4, t=5)
817 move(d, a, p=0, t=5)
818 move(d, a, p=1, t=5)
819 move(d, a, p=2, t=5)
820 move(d, a, p=3, t=5)
821 move(d, b, p=0, t=5)
822 move(d, b, p=1, t=5)
823 move(d, b, p=2, t=5)
824 move(d, b, p=3, t=5)
825 move(d, c, p=0, t=5)
826 move(d, c, p=1, t=5)
827 move(d, c, p=2, t=5)
828 move(d, c, p=3, t=5)
829 move(d, T, p=0, t=5)
830 move(d, T, p=1, t=5)
831 move(d, T, p=2, t=5)
832 move(d, T, p=3, t=5)
833 move(a, b, p=0, t=6)
834 move(a, b, p=1, t=6)
835 move(a, b, p=2, t=6)
836 move(a, b, p=3, t=6)
837 move(a, b, p=4, t=6)
838 move(a, b, p=5, t=6)
839 move(a, c, p=0, t=6)
840 move(a, c, p=1, t=6)
841 move(a, c, p=2, t=6)
842 move(a, c, p=3, t=6)
843 move(a, c, p=4, t=6)
844 move(a, c, p=5, t=6)
845 move(a, d, p=0, t=6)
846 move(a, d, p=1, t=6)
847 move(a, d, p=2, t=6)
848 move(a, d, p=3, t=6)
849 move(a, d, p=4, t=6)
850 move(a, d, p=5, t=6)
851 move(a, T, p=0, t=6)
852 move(a, T, p=1, t=6)
853 move(a, T, p=2, t=6)
854 move(a, T, p=3, t=6)
855 move(a, T, p=4, t=6)
856 move(a, T, p=5, t=6)
857 move(b, a, p=0, t=6)
858 move(b, a, p=1, t=6)
859 move(b, a, p=2, t=6)
860 move(b, a, p=3, t=6)
861 move(b, a, p=4, t=6)
862 move(b, a, p=5, t=6)
863 move(b, c, p=0, t=6)
864 move(b, c, p=1, t=6)
865 move(b, c, p=2, t=6)
866 move(b, c, p=3, t=6)
867 move(b, c, p=4, t=6)
868 move(b, c, p=5, t=6)
869 move(b, d, p=0, t=6)
870 move(b, d, p=1, t=6)
871 move(b, d, p=2, t=6)
872 move(b, d, p=3, t=6)
873 move(b, d, p=4, t=6)
874 move(b, d, p=5, t=6)
875 move(b, T, p=0, t=6)
876 move(b, T, p=1, t=6)
877 move(b, T, p=2, t=6)
878 move(b, T, p=3, t=6)
879 move(b, T, p=4, t=6)
880 move(b, T, p=5, t=6)
881 move(c, a, p=0, t=6)
882 move(c, a, p=1, t=6)
883 move(c, a, p=2, t=6)
884 move(c, a, p=3, t=6)
885 move(c, a, p=4, t=6)
886 move(c, b, p=0, t=6)
887 move(c, b, p=1, t=6)
888 move(c, b, p=2, t=6)
889 move(c, b, p=3, t=6)
890 move(c, b, p=4, t=6)
891 move(c, d, p=0, t=6)
892 move(c, d, p=1, t=6)
893 move(c, d, p=2, t=6)
894 move(c, d, p=3, t=6)
895 move(c, d, p=4, t=6)
896 move(c, T, p=0, t=6)
897 move(c, T, p=1, t=6)
898 move(c, T, p=2, t=6)
899 move(c, T, p=3, t=6)
900 move(c, T, p=4, t=6)
901 move(d, a, p=0, t=6)
902 move(d, a, p=1, t=6)
903 move(d, a, p=2, t=6)
904 move(d, a, p=3, t=6)
905 move(d, b, p=0, t=6)
906 move(d, b, p=1, t=6)
907 move(d, b, p=2, t=6)
908 move(d, b, p=3, t=6)
909 move(d, c, p=0, t=6)
910 move(d, c, p=1, t=6)
911 move(d, c, p=2, t=6)
912 move(d, c, p=3, t=6)
913 move(d, T, p=0, t=6)
914 move(d, T, p=1, t=6)
915 move(d, T, p=2, t=6)
916 move(d, T, p=3, t=6)
