49 move('a', 'b', 'c', 0)
50 move('a', 'b', 'T', 0)
51 move('a', 'c', 'b', 0)
52 move('a', 'c', 'T', 0)
53 move('a', 'T', 'b', 0)
54 move('a', 'T', 'c', 0)
55 move('b', 'a', 'c', 0)
56 move('b', 'a', 'T', 0)
57 move('b', 'c', 'a', 0)
58 move('b', 'c', 'T', 0)
59 move('b', 'T', 'a', 0)
60 move('b', 'T', 'c', 0)
61 move('c', 'a', 'b', 0)
62 move('c', 'a', 'T', 0)
63 move('c', 'b', 'a', 0)
64 move('c', 'b', 'T', 0)
65 move('c', 'T', 'a', 0)
66 move('c', 'T', 'b', 0)
67 move('a', 'b', 'c', 1)
68 move('a', 'b', 'T', 1)
69 move('a', 'c', 'b', 1)
70 move('a', 'c', 'T', 1)
71 move('a', 'T', 'b', 1)
72 move('a', 'T', 'c', 1)
73 move('b', 'a', 'c', 1)
74 move('b', 'a', 'T', 1)
75 move('b', 'c', 'a', 1)
76 move('b', 'c', 'T', 1)
77 move('b', 'T', 'a', 1)
78 move('b', 'T', 'c', 1)
79 move('c', 'a', 'b', 1)
80 move('c', 'a', 'T', 1)
81 move('c', 'b', 'a', 1)
82 move('c', 'b', 'T', 1)
83 move('c', 'T', 'a', 1)
84 move('c', 'T', 'b', 1)
85 move('a', 'b', 'c', 2)
86 move('a', 'b', 'T', 2)
87 move('a', 'c', 'b', 2)
88 move('a', 'c', 'T', 2)
89 move('a', 'T', 'b', 2)
90 move('a', 'T', 'c', 2)
91 move('b', 'a', 'c', 2)
92 move('b', 'a', 'T', 2)
93 move('b', 'c', 'a', 2)
94 move('b', 'c', 'T', 2)
95 move('b', 'T', 'a', 2)
96 move('b', 'T', 'c', 2)
97 move('c', 'a', 'b', 2)
98 move('c', 'a', 'T', 2)
99 move('c', 'b', 'a', 2)
100 move('c', 'b', 'T', 2)
101 move('c', 'T', 'a', 2)
102 move('c', 'T', 'b', 2)
1 on('a', 'b', 0)
2 on('a', 'c', 0)
3 on('a', 'T', 0)
4 on('b', 'a', 0)
5 on('b', 'c', 0)
6 on('b', 'T', 0)
7 on('c', 'a', 0)
8 on('c', 'b', 0)
9 on('c', 'T', 0)
13 on('a', 'b', 1)
14 on('a', 'c', 1)
15 on('a', 'T', 1)
16 on('b', 'a', 1)
17 on('b', 'c', 1)
18 on('b', 'T', 1)
19 on('c', 'a', 1)
20 on('c', 'b', 1)
21 on('c', 'T', 1)
25 on('a', 'b', 2)
26 on('a', 'c', 2)
27 on('a', 'T', 2)
28 on('b', 'a', 2)
29 on('b', 'c', 2)
30 on('b', 'T', 2)
31 on('c', 'a', 2)
32 on('c', 'b', 2)
33 on('c', 'T', 2)
37 on('a', 'b', 3)
38 on('a', 'c', 3)
39 on('a', 'T', 3)
40 on('b', 'a', 3)
41 on('b', 'c', 3)
42 on('b', 'T', 3)
43 on('c', 'a', 3)
44 on('c', 'b', 3)
45 on('c', 'T', 3)
10 clear('a', 0)
11 clear('b', 0)
12 clear('c', 0)
22 clear('a', 1)
23 clear('b', 1)
24 clear('c', 1)
34 clear('a', 2)
35 clear('b', 2)
36 clear('c', 2)
46 clear('a', 3)
47 clear('b', 3)
48 clear('c', 3)
